Load map
========

Module:  tree.obj
 Text segment:  632 bytes, load point 0x00400000
 Data segment:  328 bytes, load point 0x10000000
 Symbols:
                Name Section Mode    Value
            IN_ORDER          A   0x00000001
                 n12   Data   R   0x10000128
                 n16   Data   R   0x10000134
          POST_ORDER          A   0x00000002
               build   Data   R   0x10000065
             ra_loop   Text   R   0x00400024
                 n29   Data   R   0x10000104
         input_array   Data   R   0x10000000
  perform_traversals   Text   R   0x004000ac
                  n3   Data   R   0x100000d4
                  n4   Data   R   0x100000f8
                  n5   Data   R   0x100000e0
            READ_INT          A   0x00000005
                  n7   Data   R   0x1000011c
                  n9   Data   R   0x10000110
            new_line   Data   R   0x100000bd
                 n40   Data   R   0x100000ec
               tree1   Data   R   0x100000c8
               quote   Data   R   0x100000c1
             pa_loop   Text   R   0x004001b4
            traverse   Data   R   0x10000074
         print_array   Text   R   0x004001ac
         print_func1   Text   R   0x004001f4
         print_func2   Text   R   0x00400218
         print_func3   Text   R   0x0040025c
        PRINT_STRING          A   0x00000004
                msg1   Data   R   0x10000085
             ra_done   Text   R   0x00400044
                msg2   Data   R   0x10000092
                msg3   Data   R   0x100000a0
                msg4   Data   R   0x100000ae
                main   Text   RG  0x00400000
           ptr_tree1   Data   R   0x100000c4
               space   Data   R   0x100000bf
            data_msg   Data   R   0x10000054
           main_done   Text   R   0x00400098
           PRE_ORDER          A   0x00000000
       running_total   Data   R   0x10000050
                EXIT          A   0x0000000a
            ptr_root   Data   R   0x10000140
           PRINT_INT          A   0x00000001
             pa_done   Text   R   0x004001e0

Module:  allocate.obj
 Text segment:  96 bytes, load point 0x00400278
 Data segment:  856 bytes, load point 0x10000148
 Symbols:
                Name Section Mode    Value
        allocate_mem   Text   RG  0x00400278
          new_mem_ok   Text   R   0x004002b8
            pool_end   Data   R   0x1000046c
        PRINT_STRING          A   0x00000004
           new_error   Data   R   0x10000470
                pool   Data   R   0x1000014c
                next   Data   R   0x10000148
                EXIT          A   0x0000000a

Module:  build.obj
 Text segment:  192 bytes, load point 0x004002d8
 Symbols:
                Name Section Mode    Value
     does_tree_exist   Text   R   0x00400350
   search_for_member   Text   R   0x00400378
           iter_prep   Text   R   0x004002ec
       iter_finished   Text   R   0x00400314
          build_done   Text   R   0x00400378
         create_tree   Text   R   0x0040035c
        iter_through   Text   R   0x004002f8
    allocate_and_add   Text   R   0x00400378
        add_elements   Text   RG  0x004002d8
     build_tree_prep   Text   R   0x00400348
            add_done   Text   R   0x00400314
          build_tree   Text   RG  0x0040032c

Module:  traverse.obj
 Text segment:  196 bytes, load point 0x00400398
 Symbols:
                Name Section Mode    Value
            IN_ORDER          A   0x00000001
     print_root_post   Text   R   0x004003ec
          POST_ORDER          A   0x00000002
      check_left_pre   Text   R   0x00400424
       check_left_in   Text   R   0x004003f8
    check_right_post   Text   R   0x004003e0
      check_right_in   Text   R   0x00400410
       print_root_in   Text   R   0x00400404
       traverse_done   Text   R   0x0040043c
     check_right_pre   Text   R   0x00400430
     check_left_post   Text   R   0x004003d4
        bounds_stuff   Text   R   0x004003b4
      print_root_pre   Text   R   0x0040041c
           PRE_ORDER          A   0x00000000
       traverse_tree   Text   RG  0x00400398

Module:  r2k_startup.obj
 Text segment:  36 bytes, load point 0x0040045c
 Symbols:
                Name Section Mode    Value
           SYS_EXIT2          A   0x00000011
      __r2k__entry__   Text   RG  0x00400460
